MSBuild version 17.14.40+3e7442088 for .NET Framework

  event_loop.cpp
C:\Users\furka\Desktop\opus_trade_bot\include\opus\core\types.hpp(213,1): warning C4324: 'opus::PriceLevel': structure was padded due to alignment specifier [C:\Users\furka\Desktop\opus_trade_bot\build\opus_core.vcxproj]
  (compiling source file '../src/core/event_loop.cpp')
  
C:\Users\furka\Desktop\opus_trade_bot\include\opus\core\types.hpp(251,23): error C2039: 'clamp': is not a member of 'std' [C:\Users\furka\Desktop\opus_trade_bot\build\opus_core.vcxproj]
  (compiling source file '../src/core/event_loop.cpp')
      C:\Program Files (x86)\Microsoft Visual Studio\2022\BuildTools\VC\Tools\MSVC\14.44.35207\include\chrono(45,1):
      see declaration of 'std'
  
